// Jest Snapshot v1, https://goo.gl/fbAQLP

exports[`MainView renders view 1`] = `
<div class="row">
  <div class="col-12 col-md-6 bg-light py-3 border">
    <searchinput-stub placeholder="Type a GitHub username" class="mb-2"></searchinput-stub>
    <searchlist-stub repositories=""></searchlist-stub>
  </div>
  <div class="col-12 col-md-6 bg-light py-3 border">
    <h5>
      Looks like you haven't selected a repository yet.
      Please type any GitHub username in the searchbox and then select a repository from the list.
    </h5>
  </div>
</div>
`;
